2025-07-13 02:45:06 [ERROR]: GET /api/organizer/me: Invalid or expired token. {"message":"Invalid or expired token.","statusCode":403,"success":false}
2025-07-13 02:46:05 [ERROR]: GET /api/organizer/me: Invalid or expired token. {"message":"Invalid or expired token.","statusCode":400,"success":false}
2025-07-13 02:47:35 [ERROR]: GET /api/organizer/me: Invalid or expired token. {"message":"Invalid or expired token.","statusCode":401,"success":false}
2025-07-13 02:49:16 [ERROR]: GET /api/organizer/logout: Cannot set headers after they are sent to the client {"code":"ERR_HTTP_HEADERS_SENT"}
2025-07-13 03:22:01 [ERROR]: POST /api/organizer/login: Cannot set headers after they are sent to the client {"code":"ERR_HTTP_HEADERS_SENT"}
2025-07-13 03:23:49 [ERROR]: POST /api/organizer/login: Cannot set headers after they are sent to the client {"code":"ERR_HTTP_HEADERS_SENT"}
2025-07-13 03:25:26 [ERROR]: POST /api/organizer/login: Cannot set headers after they are sent to the client {"code":"ERR_HTTP_HEADERS_SENT"}
2025-07-13 03:28:21 [ERROR]: POST /api/organizer/login: Your entered password is incorrect. {"message":"Your entered password is incorrect.","statusCode":400,"success":false}
2025-07-13 03:29:20 [ERROR]: POST /api/organizer/login: Your entered password is incorrect. {"message":"Your entered password is incorrect.","statusCode":400,"success":false}
2025-07-13 03:29:51 [ERROR]: POST /api/organizer/login: Your entered password is incorrect. {"message":"Your entered password is incorrect.","statusCode":400,"success":false}
2025-07-13 03:29:58 [ERROR]: POST /api/organizer/login: Cannot set headers after they are sent to the client {"code":"ERR_HTTP_HEADERS_SENT"}
2025-07-13 03:32:57 [ERROR]: POST /api/organizer/login: Cannot set headers after they are sent to the client {"code":"ERR_HTTP_HEADERS_SENT"}
2025-07-13 03:36:55 [ERROR]: POST /api/organizer/login: Cannot set headers after they are sent to the client {"code":"ERR_HTTP_HEADERS_SENT"}
2025-07-13 03:39:10 [ERROR]: POST /api/organizer/login: Cannot set headers after they are sent to the client {"code":"ERR_HTTP_HEADERS_SENT"}
2025-07-13 03:43:55 [ERROR]: POST /api/organizer/login: Cannot set headers after they are sent to the client {"code":"ERR_HTTP_HEADERS_SENT"}
2025-07-13 03:58:50 [ERROR]: POST /api/organizer/login: Cannot set headers after they are sent to the client {"code":"ERR_HTTP_HEADERS_SENT"}
2025-07-13 04:03:28 [ERROR]: GET /api/organizer/me: Invalid or expired token {"message":"Invalid or expired token","statusCode":401,"success":false}
2025-07-13 04:04:12 [ERROR]: GET /api/organizer/me: Invalid or expired token {"message":"Invalid or expired token","statusCode":401,"success":false}
2025-07-13 04:04:18 [ERROR]: GET /api/organizer/me: Invalid or expired token {"message":"Invalid or expired token","statusCode":401,"success":false}
2025-07-13 04:04:24 [ERROR]: GET /api/organizer/me: Invalid or expired token {"message":"Invalid or expired token","statusCode":401,"success":false}
2025-07-13 04:04:37 [ERROR]: GET /api/organizer/me: Invalid or expired token {"message":"Invalid or expired token","statusCode":401,"success":false}
2025-07-13 04:08:57 [ERROR]: GET /api/organizer/me: Invalid or expired token {"message":"Invalid or expired token","statusCode":401,"success":false}
2025-07-13 04:10:23 [ERROR]: GET /api/organizer/me: Invalid or expired token {"message":"Invalid or expired token","statusCode":401,"success":false}
2025-07-13 04:11:02 [ERROR]: GET /api/organizer/me: Invalid or expired token {"message":"Invalid or expired token","statusCode":401,"success":false}
2025-07-13 04:11:11 [ERROR]: GET /api/organizer/me: Invalid or expired token {"message":"Invalid or expired token","statusCode":401,"success":false}
2025-07-13 04:11:50 [ERROR]: GET /api/organizer/me: Invalid or expired token {"message":"Invalid or expired token","statusCode":401,"success":false}
2025-07-13 04:11:51 [ERROR]: GET /api/organizer/me: Invalid or expired token {"message":"Invalid or expired token","statusCode":401,"success":false}
2025-07-13 04:14:05 [ERROR]: GET /api/organizer/me: Invalid or expired token {"message":"Invalid or expired token","statusCode":401,"success":false}
2025-07-13 04:14:20 [ERROR]: GET /api/organizer/me: Invalid or expired token {"message":"Invalid or expired token","statusCode":401,"success":false}
2025-07-13 04:18:33 [ERROR]: GET /api/organizer/me: Invalid or expired token {"message":"Invalid or expired token","statusCode":401,"success":false}
2025-07-13 16:28:13 [ERROR]: GET /api/organizer/me: Invalid or expired token {"message":"Invalid or expired token","statusCode":401,"success":false}
2025-07-13 16:28:51 [ERROR]: GET /api/organizer/me: Invalid or expired token {"message":"Invalid or expired token","statusCode":401,"success":false}
2025-07-13 16:35:16 [ERROR]: GET /api/organizer/me: Invalid or expired token {"message":"Invalid or expired token","statusCode":401,"success":false}
2025-07-13 16:37:37 [ERROR]: GET /api/organizer/me: Invalid or expired token {"message":"Invalid or expired token","statusCode":401,"success":false}
2025-07-13 16:38:41 [ERROR]: GET /api/organizer/me: Invalid or expired token {"message":"Invalid or expired token","statusCode":401,"success":false}
2025-07-13 16:41:01 [ERROR]: GET /api/organizer/me: Invalid or expired token {"message":"Invalid or expired token","statusCode":401,"success":false}
2025-07-13 16:41:34 [ERROR]: GET /api/organizer/me: Invalid or expired token {"message":"Invalid or expired token","statusCode":401,"success":false}
2025-07-13 16:41:53 [ERROR]: GET /api/organizer/me: Invalid or expired token {"message":"Invalid or expired token","statusCode":401,"success":false}
2025-07-13 16:47:21 [ERROR]: GET /api/organizer/me: Invalid or expired token {"message":"Invalid or expired token","statusCode":401,"success":false}
2025-07-13 16:50:17 [ERROR]: GET /api/organizer/me: Invalid or expired token {"message":"Invalid or expired token","statusCode":401,"success":false}
2025-07-13 16:50:17 [ERROR]: GET /api/organizer/me: Invalid or expired token {"message":"Invalid or expired token","statusCode":401,"success":false}
2025-07-13 16:51:05 [ERROR]: GET /api/organizer/me: Invalid or expired token {"message":"Invalid or expired token","statusCode":401,"success":false}
2025-07-13 16:51:05 [ERROR]: GET /api/organizer/me: Invalid or expired token {"message":"Invalid or expired token","statusCode":401,"success":false}
